// Jest Snapshot v1, https://goo.gl/fbAQLP

exports[`test para GifGridItem se debe mostrar correctamente el GifGridItem 1`] = `
<div
  className="card animate__animated animate__fadeIn"
>
  <img />
  <p />
</div>
`;
